18:16:35 === PC Brain - Monitor de Login ===
18:16:35 Inicio: 10/07/2026 18:16:35
18:16:35 --- 1. Espacio libre ---
18:16:36   C:: 126.4 GB libre de 476.9 GB (26.5%)
18:16:36   D:: 272.3 GB libre de 495.8 GB (54.9%)
18:16:36   H:: 31.3 GB libre de 488.3 GB (6.4%)
18:16:36   ALERTA: H: por debajo del 10%
18:16:36   I:: 148.4 GB libre de 878.9 GB (16.9%)
18:16:36 --- 2. Estado de discos ---
18:16:40   WD PC SN740 SDDPNQD-512G-2006: Healthy / OK
18:16:40   WDC WD20EZRZ-00Z5HB0: Healthy / OK
18:16:40 --- 3. Ultimo backup ---
18:16:40   No se detecto sistema de backup automatico
18:16:40 --- 4. Errores criticos (24h) ---
18:16:40   18:16 [Error] Microsoft-Windows-DNS-Client: 1023 - Name resolution policy table has been corrupted. DNS resolution will fail until it is fixed. Contact your network admini
18:16:40   18:16 [Error] Microsoft-Windows-DNS-Client: 1023 - Name resolution policy table has been corrupted. DNS resolution will fail until it is fixed. Contact your network admini
18:16:40 --- 5. Boot NVMe ---
18:16:40   Error verificando NVMe
18:16:40 --- Actualizando STATUS.md ---
18:16:41 STATUS.md actualizado
18:16:41 === Completado en 5.4 segundos ===
