08:17:29 === PC Brain - Monitor de Login ===
08:17:29 Inicio: 08/22/2026 08:17:29
08:17:29 --- 1. Espacio libre ---
08:17:30   C:: 244.9 GB libre de 476.9 GB (51.3%)
08:17:30   D:: 273.6 GB libre de 495.8 GB (55.2%)
08:17:30   H:: 39.5 GB libre de 488.3 GB (8.1%)
08:17:30   ALERTA: H: por debajo del 10%
08:17:30   I:: 209.9 GB libre de 878.9 GB (23.9%)
08:17:30 --- 2. Estado de discos ---
08:17:34   WD PC SN740 SDDPNQD-512G-2006: Healthy / OK
08:17:34   WDC WD20EZRZ-00Z5HB0: Healthy / OK
08:17:34 --- 3. Ultimo backup ---
08:17:34   No se detecto sistema de backup automatico
08:17:34 --- 4. Errores criticos (24h) ---
08:17:35   08:17 [Error] Microsoft-Windows-DNS-Client: 1012 - There was an error while attempting to read the local hosts file.
08:17:35 --- 5. Boot NVMe ---
08:17:35   Error verificando NVMe
08:17:35 --- Actualizando STATUS.md ---
08:17:35 STATUS.md actualizado
08:17:35 === Completado en 5.8 segundos ===
