10:50:21 === PC Brain - Monitor de Login ===
10:50:21 Inicio: 08/23/2026 10:50:21
10:50:21 --- 1. Espacio libre ---
10:50:21   C:: 226.4 GB libre de 476.9 GB (47.5%)
10:50:21   D:: 273.6 GB libre de 495.8 GB (55.2%)
10:50:21   H:: 39.5 GB libre de 488.3 GB (8.1%)
10:50:21   ALERTA: H: por debajo del 10%
10:50:21   I:: 209.9 GB libre de 878.9 GB (23.9%)
10:50:21 --- 2. Estado de discos ---
10:50:27   WD PC SN740 SDDPNQD-512G-2006: Healthy / OK
10:50:27   WDC WD20EZRZ-00Z5HB0: Healthy / OK
10:50:27 --- 3. Ultimo backup ---
10:50:27   No se detecto sistema de backup automatico
10:50:27 --- 4. Errores criticos (24h) ---
10:50:27   10:48 [Error] Server: 2505 - The server could not bind to the transport \Device\NetBT_Tcpip_{07994733-C8B2-4A17-83A5-A53718485262} because another co
10:50:27   10:48 [Error] Server: 2505 - The server could not bind to the transport \Device\NetBT_Tcpip_{07994733-C8B2-4A17-83A5-A53718485262} because another co
10:50:27   10:48 [Error] Server: 2505 - The server could not bind to the transport \Device\NetBT_Tcpip_{07994733-C8B2-4A17-83A5-A53718485262} because another co
10:50:27   10:48 [Error] Server: 2505 - The server could not bind to the transport \Device\NetBT_Tcpip_{07994733-C8B2-4A17-83A5-A53718485262} because another co
10:50:27   10:48 [Critical] Microsoft-Windows-Kernel-Power: 41 - The system has rebooted without cleanly shutting down first. This error could be caused if the system stopped responding
10:50:27   10:48 [Error] EventLog: 6008 - The previous system shutdown at 11:41:52 AM on ‎8/‎22/‎2026 was unexpected.
10:50:27   10:48 [Error] Microsoft-Windows-Kernel-Boot: 29 - Windows failed fast startup with error status 0xC00000D4.
10:50:27 --- 5. Boot NVMe ---
10:50:28   Error verificando NVMe
10:50:28 --- Actualizando STATUS.md ---
10:50:28 STATUS.md actualizado
10:50:28 === Completado en 7.2 segundos ===
